// Jest Snapshot v1, https://goo.gl/fbAQLP

exports[`renders page renders page 1`] = `
<DocumentFragment>
  <article>
    <section>
      <h2 />
    </section>
  </article>
</DocumentFragment>
`;
