// Jest Snapshot v1, https://goo.gl/fbAQLP

exports[`renders a single movie feature: display renders display 1`] = `
<DocumentFragment>
  <div
    class="sc-bdvvtL QzUTY"
  />
</DocumentFragment>
`;
